// Jest Snapshot v1, https://goo.gl/fbAQLP

exports[`Molecules/ListItem should render snapshot 1`] = `
<View
  collapsable={false}
  pointerEvents="box-none"
  style={
    Object {
      "flex": 1,
    }
  }
>
  <View
    accessible={false}
    style={
      Array [
        Object {
          "flexDirection": "column",
          "marginBottom": 0,
          "marginLeft": 0,
          "marginRight": 0,
          "marginTop": 0,
          "paddingBottom": 0,
          "paddingLeft": 0,
          "paddingRight": 0,
          "paddingTop": 0,
        },
      ]
    }
    testID="View_ListItem"
  >
    <View
      accessibilityState={
        Object {
          "disabled": false,
        }
      }
      accessible={true}
      focusable={true}
      onClick={[Function]}
      onResponderGrant={[Function]}
      onResponderMove={[Function]}
      onResponderRelease={[Function]}
      onResponderTerminate={[Function]}
      onResponderTerminationRequest={[Function]}
      onStartShouldSetResponder={[Function]}
      style={
        Array [
          false,
          Array [
            Object {
              "padding": 8,
            },
            Array [
              Object {
                "borderBottomWidth": 0.5,
                "borderColor": "#0000001f",
                "borderStyle": "solid",
                "marginLeft": 0,
              },
            ],
          ],
        ]
      }
    >
      <View
        style={
          Object {
            "flexDirection": "row",
          }
        }
      >
        <View
          style={
            Array [
              Object {
                "marginVertical": 6,
                "paddingLeft": 8,
              },
              Object {
                "flex": 1,
                "justifyContent": "center",
              },
            ]
          }
        >
          <Text
            numberOfLines={1}
            selectable={false}
            style={
              Array [
                Object {
                  "color": "#424242",
                  "fontFamily": "System",
                  "fontWeight": "400",
                },
                Object {
                  "textAlign": "left",
                },
                Array [
                  Object {
                    "fontSize": 16,
                  },
                  Object {
                    "color": "rgba(66, 66, 66, 0.87)",
                  },
                  Object {
                    "color": "#424242",
                  },
                ],
              ]
            }
          >
            Sample
          </Text>
        </View>
      </View>
    </View>
  </View>
</View>
`;
