// Jest Snapshot v1, https://goo.gl/fbAQLP

exports[`Templates/DependentsNotificationsTemplate should render snapshot 1`] = `
<View
  collapsable={false}
  pointerEvents="box-none"
  style={
    Object {
      "flex": 1,
    }
  }
>
  <RCTSafeAreaView
    accessible={false}
    emulateUnlessSupported={true}
    style={
      Array [
        Object {
          "flexDirection": "column",
          "marginBottom": 0,
          "marginLeft": 0,
          "marginRight": 0,
          "marginTop": 0,
          "paddingBottom": 0,
          "paddingLeft": 0,
          "paddingRight": 0,
          "paddingTop": 0,
        },
        Object {
          "backgroundColor": "#fff",
          "flexBasis": 0,
          "flexGrow": 1,
          "flexShrink": 1,
        },
      ]
    }
    testID="SafeAreaView_DependentsNotificationsTemplate"
  >
    <View
      accessible={false}
      flex={1}
      paddingStyle={0}
      style={
        Array [
          Object {
            "flexBasis": 0,
            "flexDirection": "column",
            "flexGrow": 1,
            "flexShrink": 1,
            "marginBottom": 0,
            "marginLeft": 0,
            "marginRight": 0,
            "marginTop": 0,
            "paddingBottom": 0,
            "paddingLeft": 0,
            "paddingRight": 0,
            "paddingTop": 0,
          },
        ]
      }
      testID="View_Flex"
    >
      <RCTScrollView
        accessible={false}
        contentContainerStyle={
          Object {
            "flexGrow": 1,
            "justifyContent": "center",
            "padding": 16,
          }
        }
        paddingStyle={16}
        style={
          Array [
            Object {
              "flexDirection": "column",
              "marginBottom": 0,
              "marginLeft": 0,
              "marginRight": 0,
              "marginTop": 0,
              "paddingBottom": 0,
              "paddingLeft": 0,
              "paddingRight": 0,
              "paddingTop": 0,
            },
          ]
        }
        testID="ScrollView_Flex"
      >
        <View />
      </RCTScrollView>
    </View>
  </RCTSafeAreaView>
</View>
`;
